------------------------------------------------------------
TimeQuest Timing Analyzer Summary
------------------------------------------------------------

Type  : Slow 1100mV 85C Model Setup 'clock'
Slack : 4.492
TNS   : 0.000

Type  : Slow 1100mV 85C Model Hold 'clock'
Slack : 0.301
TNS   : 0.000

Type  : Slow 1100mV 85C Model Minimum Pulse Width 'clock'
Slack : 8.597
TNS   : 0.000

Type  : Slow 1100mV 0C Model Setup 'clock'
Slack : 4.429
TNS   : 0.000

Type  : Slow 1100mV 0C Model Hold 'clock'
Slack : 0.287
TNS   : 0.000

Type  : Slow 1100mV 0C Model Minimum Pulse Width 'clock'
Slack : 8.600
TNS   : 0.000

Type  : Fast 1100mV 85C Model Setup 'clock'
Slack : 6.030
TNS   : 0.000

Type  : Fast 1100mV 85C Model Hold 'clock'
Slack : 0.170
TNS   : 0.000

Type  : Fast 1100mV 85C Model Minimum Pulse Width 'clock'
Slack : 8.219
TNS   : 0.000

Type  : Fast 1100mV 0C Model Setup 'clock'
Slack : 6.178
TNS   : 0.000

Type  : Fast 1100mV 0C Model Hold 'clock'
Slack : 0.156
TNS   : 0.000

Type  : Fast 1100mV 0C Model Minimum Pulse Width 'clock'
Slack : 8.193
TNS   : 0.000

------------------------------------------------------------
